// Jest Snapshot v1, https://goo.gl/fbAQLP

exports[`My Component Should render the initial layout 1`] = `
Array [
  <div>
    <input
      onChange={[Function]}
      type="text"
    />
  </div>,
]
`;

exports[`MyComponent should render initial layout 1`] = `
Array [
<div>
    <input
         onChange={[Function]}
         type="text"      
     />
</div>,
]
`;
